#-----------------------------------------------------------
# Vivado v2025.2 (64-bit)
# SW Build 6299465 on Fri Nov 14 19:35:11 GMT 2025
# IP Build 6300035 on Fri Nov 14 10:48:45 MST 2025
# SharedData Build 6298862 on Thu Nov 13 04:50:51 MST 2025
# Start of session at: Thu Jan 15 15:31:36 2026
# Process ID         : 20608
# Current directory  : D:/MyProjects/dachuang/show_time
# Command line       : vivado.exe -gui_launcher_event rodinguilauncherevent15268 D:\MyProjects\dachuang\show_time\show_time.xpr
# Log file           : D:/MyProjects/dachuang/show_time/vivado.log
# Journal file       : D:/MyProjects/dachuang/show_time\vivado.jou
# Running On         : LML
# Platform           : Windows Server 2016 or Windows 10
# Operating System   : 26200
# Processor Detail   : AMD Ryzen 7 7700 8-Core Processor              
# CPU Frequency      : 3793 MHz
# CPU Physical cores : 8
# CPU Logical cores  : 16
# Host memory        : 33394 MB
# Swap memory        : 21474 MB
# Total Virtual      : 54869 MB
# Available Virtual  : 33670 MB
#-----------------------------------------------------------
start_gui
open_project D:/MyProjects/dachuang/show_time/show_time.xpr
update_compile_order -fileset sources_1
export_ip_user_files -of_objects  [get_files D:/MyProjects/dachuang/数码管时钟/数码管时钟.srcs/sources_1/new/top.sv] -no_script -reset -force -quiet
remove_files  D:/MyProjects/dachuang/数码管时钟/数码管时钟.srcs/sources_1/new/top.sv
remove_files  D:/MyProjects/dachuang/数码管时钟/数码管时钟.srcs/sources_1/new/top.sv
file mkdir D:/MyProjects/dachuang/show_time/show_time.srcs/sources_1/new
close [ open D:/MyProjects/dachuang/show_time/show_time.srcs/sources_1/new/top.sv w ]
add_files D:/MyProjects/dachuang/show_time/show_time.srcs/sources_1/new/top.sv
set_property file_type Verilog [get_files  D:/MyProjects/dachuang/show_time/show_time.srcs/sources_1/new/top.sv]
update_compile_order -fileset sources_1
update_compile_order -fileset sources_1
reset_run impl_1 -prev_step 
launch_runs impl_1 -to_step write_bitstream -jobs 8
wait_on_run impl_1
launch_simulation
